// Jest Snapshot v1, https://goo.gl/fbAQLP

exports[`reads md data 1`] = `
Object {
  "layout": Object {
    "footer": Object {
      "content": "Footer Content",
      "copyright": "Â© 2019 Copyright",
    },
    "navbar": Object {
      "content": "",
      "title": "Navbar Title",
    },
  },
  "pages": Array [
    Object {
      "content": "# About Page Content",
      "path": "/about",
      "title": "About Page",
    },
    Object {
      "content": "# Index Page Content",
      "path": "/",
      "title": "Index Page",
    },
  ],
}
`;
